====================================================================================================
  L1 ROOT-CAUSE EVIDENCE PASS (numba_baseline_fast vs tsxtract)
====================================================================================================

0. Found 17 losing (shape, dist) pairs in throughput.jsonl

1. Re-measuring losing pairs via subprocess runner (runs[] + bootstrap CI)...
   [ 1/17]      1x100    ar1           tsx=   0.831 ms  numba=   0.032 ms  ratio= 25.90x CI[24.91, 26.99]
   [ 2/17]      1x100    gaussian      tsx=   1.525 ms  numba=   0.040 ms  ratio= 38.41x CI[30.96, 45.78]
   [ 3/17]      1x100    heavy_tailed  tsx=   1.621 ms  numba=   0.040 ms  ratio= 40.21x CI[38.07, 42.47]
   [ 4/17]      1x100    random_walk   tsx=   0.799 ms  numba=   0.045 ms  ratio= 17.92x CI[17.10, 18.60]
   [ 5/17]      1x100    sinusoid      tsx=   0.895 ms  numba=   0.039 ms  ratio= 22.77x CI[21.16, 23.82]
   [ 6/17]     10x500    ar1           tsx=   1.051 ms  numba=   0.286 ms  ratio=  3.67x CI[3.41, 4.12]
   [ 7/17]     10x500    gaussian      tsx=   1.337 ms  numba=   0.235 ms  ratio=  5.69x CI[5.00, 6.27]
   [ 8/17]     10x500    heavy_tailed  tsx=   0.946 ms  numba=   0.262 ms  ratio=  3.61x CI[3.47, 3.77]
   [ 9/17]     10x500    random_walk   tsx=   0.960 ms  numba=   0.258 ms  ratio=  3.72x CI[3.58, 3.93]
   [10/17]     10x500    sinusoid      tsx=   1.154 ms  numba=   0.370 ms  ratio=  3.12x CI[2.86, 3.35]
   [11/17]    100x100    ar1           tsx=   1.196 ms  numba=   0.470 ms  ratio=  2.55x CI[2.44, 2.80]
   [12/17]    100x100    gaussian      tsx=   1.089 ms  numba=   0.638 ms  ratio=  1.71x CI[1.60, 1.89]
   [13/17]    100x100    heavy_tailed  tsx=   1.422 ms  numba=   0.450 ms  ratio=  3.16x CI[3.01, 3.34]
   [14/17]    100x100    random_walk   tsx=   2.510 ms  numba=   0.720 ms  ratio=  3.49x CI[3.25, 3.62]
   [15/17]    100x100    sinusoid      tsx=   1.020 ms  numba=   0.453 ms  ratio=  2.25x CI[1.92, 2.56]
   [16/17]    100x500    heavy_tailed  tsx=   1.821 ms  numba=   1.930 ms  ratio=  0.94x CI[0.82, 1.01]
   [17/17]    100x500    random_walk   tsx=   1.825 ms  numba=   1.842 ms  ratio=  0.99x CI[0.95, 1.05]

2. Per-stage differential timing (gaussian, threads 1 and 16)...
        1x100    T16 tsx=   0.890 ms (floor  0.694)  numba=   0.031 ms (stages sum    0.032)
        1x100    T1  tsx=   0.610 ms (floor  0.360)  numba=   0.032 ms (stages sum    0.042)
       10x500    T16 tsx=   1.030 ms (floor  0.579)  numba=   0.348 ms (stages sum    1.408)
       10x500    T1  tsx=   0.820 ms (floor  0.232)  numba=   1.317 ms (stages sum    1.339)
      100x100    T16 tsx=   1.520 ms (floor  0.561)  numba=   0.354 ms (stages sum    3.783)
      100x100    T1  tsx=   1.201 ms (floor  0.705)  numba=   2.715 ms (stages sum    3.398)
      100x500    T16 tsx=   2.630 ms (floor  0.583)  numba=   2.080 ms (stages sum   14.995)
      100x500    T1  tsx=   2.541 ms (floor  0.350)  numba=  13.728 ms (stages sum   14.416)

3. Numba (fastmath=False) vs tsxtract agreement on losing shapes...
        1x100    gaussian      EXACT=33 CLOSE=0 DIFF-DEF= 0 WRONG=0
        1x100    random_walk   EXACT=33 CLOSE=0 DIFF-DEF= 0 WRONG=0
        1x100    ar1           EXACT=33 CLOSE=0 DIFF-DEF= 0 WRONG=0
        1x100    heavy_tailed  EXACT=33 CLOSE=0 DIFF-DEF= 0 WRONG=0
        1x100    sinusoid      EXACT=33 CLOSE=0 DIFF-DEF= 0 WRONG=0
       10x500    gaussian      EXACT=33 CLOSE=0 DIFF-DEF= 0 WRONG=0
       10x500    random_walk   EXACT=33 CLOSE=0 DIFF-DEF= 0 WRONG=0
       10x500    ar1           EXACT=33 CLOSE=0 DIFF-DEF= 0 WRONG=0
       10x500    heavy_tailed  EXACT=33 CLOSE=0 DIFF-DEF= 0 WRONG=0
       10x500    sinusoid      EXACT=33 CLOSE=0 DIFF-DEF= 0 WRONG=0
      100x100    gaussian      EXACT=33 CLOSE=0 DIFF-DEF= 0 WRONG=0
      100x100    random_walk   EXACT=33 CLOSE=0 DIFF-DEF= 0 WRONG=0
      100x100    ar1           EXACT=33 CLOSE=0 DIFF-DEF= 0 WRONG=0
      100x100    heavy_tailed  EXACT=33 CLOSE=0 DIFF-DEF= 0 WRONG=0
      100x100    sinusoid      EXACT=33 CLOSE=0 DIFF-DEF= 0 WRONG=0
      100x500    gaussian      EXACT=33 CLOSE=0 DIFF-DEF= 0 WRONG=0
      100x500    random_walk   EXACT=33 CLOSE=0 DIFF-DEF= 0 WRONG=0
      100x500    ar1           EXACT=33 CLOSE=0 DIFF-DEF= 0 WRONG=0
      100x500    heavy_tailed  EXACT=33 CLOSE=0 DIFF-DEF= 0 WRONG=0
      100x500    sinusoid      EXACT=33 CLOSE=0 DIFF-DEF= 0 WRONG=0

4. A1 FFT verification (numba _bluestein_fft vs numpy.fft)...
   n=10     max_rel_err=2.999e-16  (9.7 µs/call)
   n=100    max_rel_err=4.429e-15  (21.4 µs/call)
   n=500    max_rel_err=2.235e-14  (96.6 µs/call)
   n=512    max_rel_err=6.400e-15  (10.6 µs/call)
   n=1023   max_rel_err=1.848e-14  (216.4 µs/call)
   n=1024   max_rel_err=1.219e-14  (22.2 µs/call)
   n=4093   max_rel_err=5.979e-14  (1019.1 µs/call)
   n=4096   max_rel_err=3.736e-14  (101.2 µs/call)

5. Numba fastmath=False bound (threads=16)...
        1x100    fast=   0.023 ms  strict=   0.033 ms  Δ=+41.7%
       10x500    fast=   0.352 ms  strict=   0.273 ms  Δ=-22.4%
      100x100    fast=   0.491 ms  strict=   0.376 ms  Δ=-23.5%
      100x500    fast=   1.909 ms  strict=   2.194 ms  Δ=+14.9%

6. Classification...
        1x100    ar1           -> call-overhead+threading+algorithmic(quantile-stage)  (floor 78% of tsx, threadΔ +46%, mismatched 0% of gap)
        1x100    gaussian      -> call-overhead+threading+algorithmic(quantile-stage)  (floor 78% of tsx, threadΔ +46%, mismatched 0% of gap)
        1x100    heavy_tailed  -> call-overhead+threading+algorithmic(quantile-stage)  (floor 78% of tsx, threadΔ +46%, mismatched 0% of gap)
        1x100    random_walk   -> call-overhead+threading+algorithmic(quantile-stage)  (floor 78% of tsx, threadΔ +46%, mismatched 0% of gap)
        1x100    sinusoid      -> call-overhead+threading+algorithmic(quantile-stage)  (floor 78% of tsx, threadΔ +46%, mismatched 0% of gap)
       10x500    ar1           -> call-overhead  (floor 56% of tsx, threadΔ +26%, mismatched 3% of gap)
       10x500    gaussian      -> call-overhead  (floor 56% of tsx, threadΔ +26%, mismatched 3% of gap)
       10x500    heavy_tailed  -> call-overhead  (floor 56% of tsx, threadΔ +26%, mismatched 3% of gap)
       10x500    random_walk   -> call-overhead  (floor 56% of tsx, threadΔ +26%, mismatched 3% of gap)
       10x500    sinusoid      -> call-overhead  (floor 56% of tsx, threadΔ +26%, mismatched 3% of gap)
      100x100    ar1           -> unfair-baseline  (floor 37% of tsx, threadΔ +27%, mismatched 34% of gap)
      100x100    gaussian      -> unfair-baseline  (floor 37% of tsx, threadΔ +27%, mismatched 41% of gap)
      100x100    heavy_tailed  -> unfair-baseline  (floor 37% of tsx, threadΔ +27%, mismatched 34% of gap)
      100x100    random_walk   -> unfair-baseline  (floor 37% of tsx, threadΔ +27%, mismatched 45% of gap)
      100x100    sinusoid      -> unfair-baseline  (floor 37% of tsx, threadΔ +27%, mismatched 34% of gap)
      100x500    heavy_tailed  -> unfair-baseline  (floor 22% of tsx, threadΔ +4%, mismatched 33% of gap)
      100x500    random_walk   -> unfair-baseline  (floor 22% of tsx, threadΔ +4%, mismatched 30% of gap)

Wrote F:\Active Repo\Tsxtract\benches\results\l1_root_cause.json
