  [resume] 4 case_ids already in sliding.jsonl
====================================================================================================
  B3 Sliding Suite — 10,000-point signal, windows [64, 256, 1024], modes ['tsxtract', 'swv', 'pandas', 'tsflex']
  Rule 1: correctness gate (vs per-window recompute) before every timed run
====================================================================================================
  [ 1/48] slide_tsxtract_w64_s1             ... ok  rows= 9937  feat=33  gate_rel=0.0e+00  median=    17.1 ms  µs/wf=   0.052
  [ 2/48] slide_swv_w64_s1                  ... ok  rows= 9937  feat=33  gate_rel=0.0e+00  median=   800.9 ms  µs/wf=   2.442
  [ 3/48] slide_pandas_w64_s1               ... ok  rows= 9937  feat= 5  gate_rel=5.2e-15  median=     1.7 ms  µs/wf=   0.033
  [ 4/48] slide_tsflex_w64_s1               ... ok  rows= 9936  feat= 5  gate_rel=0.0e+00  median=   616.1 ms  µs/wf=  12.401
  [ 5/48] slide_tsxtract_w64_s8              skip (already recorded)
  [ 6/48] slide_swv_w64_s8                   skip (already recorded)
  [ 7/48] slide_pandas_w64_s8                skip (already recorded)
  [ 8/48] slide_tsflex_w64_s8                skip (already recorded)
  [ 9/48] slide_tsxtract_w64_swindow        ... ok  rows=  156  feat=33  gate_rel=0.0e+00  median=     4.0 ms  µs/wf=   0.783
  [10/48] slide_swv_w64_swindow             ... ok  rows=  156  feat=33  gate_rel=0.0e+00  median=    21.5 ms  µs/wf=   4.172
  [11/48] slide_pandas_w64_swindow          ... error     MemoryError: 
  [12/48] slide_tsflex_w64_swindow          ... ok  rows=  156  feat= 5  gate_rel=0.0e+00  median=    16.4 ms  µs/wf=  21.023
  [13/48] slide_tsxtract_w64_swindow        ... ok  rows=  156  feat=33  gate_rel=0.0e+00  median=     1.4 ms  µs/wf=   0.268
  [14/48] slide_swv_w64_swindow             ... ok  rows=  156  feat=33  gate_rel=0.0e+00  median=     8.8 ms  µs/wf=   1.710
  [15/48] slide_pandas_w64_swindow          ... ok  rows=  156  feat= 5  gate_rel=5.4e-15  median=     1.5 ms  µs/wf=   1.861
  [16/48] slide_tsflex_w64_swindow          ... ok  rows=  156  feat= 5  gate_rel=0.0e+00  median=    17.6 ms  µs/wf=  22.522
  [17/48] slide_tsxtract_w256_s1            ... ok  rows= 9745  feat=33  gate_rel=0.0e+00  median=    23.9 ms  µs/wf=   0.074
  [18/48] slide_swv_w256_s1                 ... ok  rows= 9745  feat=33  gate_rel=0.0e+00  median=  1990.7 ms  µs/wf=   6.190
  [19/48] slide_pandas_w256_s1              ... ok  rows= 9745  feat= 5  gate_rel=1.2e-14  median=     1.4 ms  µs/wf=   0.029
  [20/48] slide_tsflex_w256_s1              ... ok  rows= 9744  feat= 5  gate_rel=0.0e+00  median=   256.8 ms  µs/wf=   5.270
  [21/48] slide_tsxtract_w256_s8            ... ok  rows= 1219  feat=33  gate_rel=0.0e+00  median=     3.3 ms  µs/wf=   0.081
  [22/48] slide_swv_w256_s8                 ... ok  rows= 1219  feat=33  gate_rel=0.0e+00  median=   230.7 ms  µs/wf=   5.735
  [23/48] slide_pandas_w256_s8              ... ok  rows= 1219  feat= 5  gate_rel=1.2e-14  median=     1.5 ms  µs/wf=   0.244
  [24/48] slide_tsflex_w256_s8              ... ok  rows= 1218  feat= 5  gate_rel=0.0e+00  median=    36.4 ms  µs/wf=   5.979
  [25/48] slide_tsxtract_w256_s64           ... ok  rows=  153  feat=33  gate_rel=0.0e+00  median=     1.0 ms  µs/wf=   0.193
  [26/48] slide_swv_w256_s64                ... ok  rows=  153  feat=33  gate_rel=0.0e+00  median=    23.1 ms  µs/wf=   4.580
  [27/48] slide_pandas_w256_s64             ... ok  rows=  153  feat= 5  gate_rel=1.2e-14  median=     1.4 ms  µs/wf=   1.817
  [28/48] slide_tsflex_w256_s64             ... ok  rows=  153  feat= 5  gate_rel=0.0e+00  median=     8.1 ms  µs/wf=  10.526
  [29/48] slide_tsxtract_w256_swindow       ... ok  rows=   39  feat=33  gate_rel=0.0e+00  median=     0.7 ms  µs/wf=   0.534
  [30/48] slide_swv_w256_swindow            ... ok  rows=   39  feat=33  gate_rel=0.0e+00  median=    13.7 ms  µs/wf=  10.668
  [31/48] slide_pandas_w256_swindow         ... ok  rows=   39  feat= 5  gate_rel=1.2e-14  median=     1.4 ms  µs/wf=   7.397
  [32/48] slide_tsflex_w256_swindow         ... ok  rows=   39  feat= 5  gate_rel=0.0e+00  median=     4.6 ms  µs/wf=  23.602
  [33/48] slide_tsxtract_w1024_s1           ... ok  rows= 8977  feat=33  gate_rel=0.0e+00  median=    37.4 ms  µs/wf=   0.126
  [34/48] slide_swv_w1024_s1                ... ok  rows= 8977  feat=33  gate_rel=0.0e+00  median=  6421.3 ms  µs/wf=  21.676
  [35/48] slide_pandas_w1024_s1             ... ok  rows= 8977  feat= 5  gate_rel=1.3e-14  median=     1.3 ms  µs/wf=   0.029
  [36/48] slide_tsflex_w1024_s1             ... ok  rows= 8976  feat= 5  gate_rel=0.0e+00  median=   268.6 ms  µs/wf=   5.986
  [37/48] slide_tsxtract_w1024_s8           ... ok  rows= 1123  feat=33  gate_rel=0.0e+00  median=     5.8 ms  µs/wf=   0.156
  [38/48] slide_swv_w1024_s8                ... ok  rows= 1123  feat=33  gate_rel=0.0e+00  median=   657.6 ms  µs/wf=  17.744
  [39/48] slide_pandas_w1024_s8             ... ok  rows= 1123  feat= 5  gate_rel=1.3e-14  median=     1.3 ms  µs/wf=   0.230
  [40/48] slide_tsflex_w1024_s8             ... ok  rows= 1122  feat= 5  gate_rel=0.0e+00  median=    33.4 ms  µs/wf=   5.960
  [41/48] slide_tsxtract_w1024_s64          ... ok  rows=  141  feat=33  gate_rel=0.0e+00  median=     1.6 ms  µs/wf=   0.344
  [42/48] slide_swv_w1024_s64               ... ok  rows=  141  feat=33  gate_rel=0.0e+00  median=    76.5 ms  µs/wf=  16.450
  [43/48] slide_pandas_w1024_s64            ... ok  rows=  141  feat= 5  gate_rel=1.3e-14  median=     1.3 ms  µs/wf=   1.798
  [44/48] slide_tsflex_w1024_s64            ... ok  rows=  141  feat= 5  gate_rel=0.0e+00  median=     7.3 ms  µs/wf=  10.418
  [45/48] slide_tsxtract_w1024_swindow      ... ok  rows=    9  feat=33  gate_rel=0.0e+00  median=     0.7 ms  µs/wf=   2.468
  [46/48] slide_swv_w1024_swindow           ... ok  rows=    9  feat=33  gate_rel=0.0e+00  median=     5.2 ms  µs/wf=  17.614
  [47/48] slide_pandas_w1024_swindow        ... ok  rows=    9  feat= 5  gate_rel=1.3e-14  median=     1.3 ms  µs/wf=  28.213
  [48/48] slide_tsflex_w1024_swindow        ... ok  rows=    9  feat= 5  gate_rel=0.0e+00  median=     3.5 ms  µs/wf=  78.267

Done. Rows in F:\Active Repo\Tsxtract\benches\results\sliding.jsonl
